
> E-commerce Website Design@0.1.0 test
> jest

